// Jest Snapshot v1, https://goo.gl/fbAQLP

exports[`Renders loading correctly 1`] = `
<DocumentFragment>
  <span
    class="absolute top-10 right-20"
    data-testid="loading"
  >
    <span
      class="animate-ping absolute inline-flex h-full w-full rounded-full bg-sky-400 opacity-75"
    />
    <span
      class="relative inline-flex rounded-full h-3 w-3 bg-sky-500"
    />
  </span>
</DocumentFragment>
`;
