// Jest Snapshot v1, https://goo.gl/fbAQLP

exports[`Renders PodcastList correctly should render PodcastList 1`] = `
<DocumentFragment>
  <div
    class="flex justify-end m-14"
  >
    <div
      class="bg-cyan-600 rounded-md p-2 m-2"
    >
      <p
        class="text-white"
      >
        3
      </p>
    </div>
    <input
      class="p-2 border rounded-md"
      placeholder="Filter podcast..."
      type="text"
    />
  </div>
  <div
    class="grid grid-cols-1 md:grid-cols-4 gap-14 m-14"
  >
    <a
      href="podcast/1"
    >
      <div
        class="border rounded-md p-4 shadow-xl"
      >
        <div
          class="flex justify-center relative bottom-14"
        >
          <img
            alt="cover"
            class="rounded-full"
            data-nimg="1"
            decoding="async"
            height="100"
            loading="lazy"
            src="/_next/image?url=http%3A%2F%2Fexample.com%2Fartwork.jpg-1&w=256&q=75"
            srcset="/_next/image?url=http%3A%2F%2Fexample.com%2Fartwork.jpg-1&w=128&q=75 1x, /_next/image?url=http%3A%2F%2Fexample.com%2Fartwork.jpg-1&w=256&q=75 2x"
            style="color: transparent;"
            width="100"
          />
        </div>
        <section
          class="flex justify-center"
        >
          <h2
            class="text-center"
          >
            TEST PODCAST 1
          </h2>
        </section>
        <section
          class="flex justify-center"
        >
          <p
            class="font-light text-sm text-center"
          >
            Author: Artist Podacast 1
          </p>
        </section>
      </div>
    </a>
    <a
      href="podcast/2"
    >
      <div
        class="border rounded-md p-4 shadow-xl"
      >
        <div
          class="flex justify-center relative bottom-14"
        >
          <img
            alt="cover"
            class="rounded-full"
            data-nimg="1"
            decoding="async"
            height="100"
            loading="lazy"
            src="/_next/image?url=http%3A%2F%2Fexample.com%2Fartwork.jpg-2&w=256&q=75"
            srcset="/_next/image?url=http%3A%2F%2Fexample.com%2Fartwork.jpg-2&w=128&q=75 1x, /_next/image?url=http%3A%2F%2Fexample.com%2Fartwork.jpg-2&w=256&q=75 2x"
            style="color: transparent;"
            width="100"
          />
        </div>
        <section
          class="flex justify-center"
        >
          <h2
            class="text-center"
          >
            TEST PODCAST 2
          </h2>
        </section>
        <section
          class="flex justify-center"
        >
          <p
            class="font-light text-sm text-center"
          >
            Author: Artist Podacast 2
          </p>
        </section>
      </div>
    </a>
    <a
      href="podcast/3"
    >
      <div
        class="border rounded-md p-4 shadow-xl"
      >
        <div
          class="flex justify-center relative bottom-14"
        >
          <img
            alt="cover"
            class="rounded-full"
            data-nimg="1"
            decoding="async"
            height="100"
            loading="lazy"
            src="/_next/image?url=http%3A%2F%2Fexample.com%2Fartwork.jpg-3&w=256&q=75"
            srcset="/_next/image?url=http%3A%2F%2Fexample.com%2Fartwork.jpg-3&w=128&q=75 1x, /_next/image?url=http%3A%2F%2Fexample.com%2Fartwork.jpg-3&w=256&q=75 2x"
            style="color: transparent;"
            width="100"
          />
        </div>
        <section
          class="flex justify-center"
        >
          <h2
            class="text-center"
          >
            TEST PODCAST 3
          </h2>
        </section>
        <section
          class="flex justify-center"
        >
          <p
            class="font-light text-sm text-center"
          >
            Author: Artist Podacast 3
          </p>
        </section>
      </div>
    </a>
  </div>
</DocumentFragment>
`;
